
Testing single GPU PR
--------------------


Loading graph /tmp/pr-aligned-smoke4/graph (market_big)
 look edge_dst[nedges-1] : 4095 look edge_dst[nedges-2] : 4095 nedges-1: 3586 nedges-2: 3585
 edge_[nedges-1] : 4095 look edge_dst[nedges-2] : 4095 nedges-1: 3586 nedges-2: 3585

----- Running Hybrid Graph Engine -----

/home/wangshaoyan/proJect/C-GpuStreamGraph-CG/include/framework/framework.cuh:1687 HOST: seg_nedges_csr_max = 4319
[D1-TOPOLOGY-MEMORY] full_extended_descriptor_bytes=0 recovered_bytes=98304 legacy_descriptor_bytes=65552
/home/wangshaoyan/proJect/C-GpuStreamGraph-CG/include/framework/framework.cuh:1718 HOST: [C3-CHUNK-LOAD] edges=3587 capacity_edges=1057852 slabs=1 metadata_bytes=229376 pinned_edge_bytes=4231408 pinned_total_bytes=4460784
/home/wangshaoyan/proJect/C-GpuStreamGraph-CG/include/framework/graph_datum.cuh:178 HOST: 内存分配的边数量 536870921
缓存大小： 536870921
/home/wangshaoyan/proJect/C-GpuStreamGraph-CG/include/framework/graph_datum.cuh:208 HOST: Allocate node for GraphDatum weighted ? 1
/home/wangshaoyan/proJect/C-GpuStreamGraph-CG/include/framework/framework.cuh:1823 HOST: Load graph time: 6.758000 ms (excluded)
/home/wangshaoyan/proJect/C-GpuStreamGraph-CG/include/framework/framework.cuh:1883 HOST: InitGraph: 0.221000 ms (excluded)
/home/wangshaoyan/proJect/C-GpuStreamGraph-CG/include/framework/framework.cuh:2719 HOST: [PR-CONVERGE] stage=initial rounds=1 signed_residual=1 stop=iteration_limit active=1808 limit=1
/home/wangshaoyan/proJect/C-GpuStreamGraph-CG/samples/hybrid_pr/hybrid_pr.cu:156 HOST: [PR-INITIAL] compute_ms=0.125 alpha=0.85 base=0.15 dangling=drop
/home/wangshaoyan/proJect/C-GpuStreamGraph-CG/include/framework/framework.cuh:1278 HOST: comp_hotness time: 0.019000 ms (excluded)
/home/wangshaoyan/proJect/C-GpuStreamGraph-CG/include/framework/graph_datum.cuh:299 HOST: sort vtx by hot
/home/wangshaoyan/proJect/C-GpuStreamGraph-CG/include/framework/framework.cuh:1297 HOST: sort vtx ms (excluded)
/home/wangshaoyan/proJect/C-GpuStreamGraph-CG/include/framework/framework.cuh:1324 HOST: extract degree time: 0.019000 ms (excluded)
/home/wangshaoyan/proJect/C-GpuStreamGraph-CG/include/framework/framework.cuh:1393 HOST: candidate v time: 0.053000 ms (excluded)
/home/wangshaoyan/proJect/C-GpuStreamGraph-CG/include/framework/framework.cuh:1430 HOST: [F1-CACHE-GATE] desired_vertices=4096 published_vertices=0 missing_desired=1 refresh_required=1 candidate_ms=0.144
/home/wangshaoyan/proJect/C-GpuStreamGraph-CG/include/framework/framework.cuh:1568 HOST: 加载缓存数据时间  : 0.694000 ms 
[D2-PUBLICATION-RESERVE] patch_capacity_records=595 pinned_patch_bytes=14280 device_patch_bytes=14280 device_digest_bytes=0 audit=0
/home/wangshaoyan/proJect/C-GpuStreamGraph-CG/include/framework/framework.cuh:2512 HOST: [I21-RADIX][batch 0] parallel=0
/home/wangshaoyan/proJect/C-GpuStreamGraph-CG/include/framework/framework.cuh:2514 HOST: [I23-GROUP][batch 0] bulk=0 record_ms=0.000 sort_ms=0.000 materialize_ms=0.000
/home/wangshaoyan/proJect/C-GpuStreamGraph-CG/include/framework/framework.cuh:2517 HOST: [I20-MODE][batch 0] maintenance=large requests=0
/home/wangshaoyan/proJect/C-GpuStreamGraph-CG/include/framework/framework.cuh:2524 HOST: [I14-BATCH][batch 0] sources=0 updates=0 group_ms=0.006
/home/wangshaoyan/proJect/C-GpuStreamGraph-CG/include/framework/framework.cuh:2540 HOST: [I19-WORK][batch 0 phase=delete] deletion_match_reads=0 mutation_edge_reads=0 effective_bytes=0
/home/wangshaoyan/proJect/C-GpuStreamGraph-CG/include/framework/framework.cuh:2545 HOST: [I20-WORK][batch 0 phase=delete] source_plan_duplicate_bytes=0 source_plan_index_bytes=0 reverse_input_copy_bytes=0
/home/wangshaoyan/proJect/C-GpuStreamGraph-CG/include/framework/framework.cuh:2551 HOST: [I21-WORK][batch 0 phase=delete] reuse_delete_positions=0 position_capacity_bytes=0
/home/wangshaoyan/proJect/C-GpuStreamGraph-CG/include/framework/framework.cuh:2559 HOST: [C3-EFFECTIVE][batch 0 phase=delete] records=0 changed_sources=0 reverse_prepare_ms=0.000
/home/wangshaoyan/proJect/C-GpuStreamGraph-CG/include/framework/framework.cuh:2605 HOST: [C3-CPU-MUTATION][batch 0 phase=delete] epoch=1 workers=2 touched=0 changed=0 updates=0 max_source_updates=0 source_work=0 max_source_work=0 missing_deletes=0 written_bytes=0 allocations=0 reused_blocks=0 retired_blocks=0 logical_edges=3587 group_ms=0.000 prepare_ms=0.000 preflight_ms=0.001 allocation_ms=0.000 commit_ms=0.000 apply_ms=0.000 retire_ms=0.000 mutation_ms=0.002
/home/wangshaoyan/proJect/C-GpuStreamGraph-CG/include/framework/framework.cuh:2540 HOST: [I19-WORK][batch 0 phase=add] deletion_match_reads=0 mutation_edge_reads=0 effective_bytes=0
/home/wangshaoyan/proJect/C-GpuStreamGraph-CG/include/framework/framework.cuh:2545 HOST: [I20-WORK][batch 0 phase=add] source_plan_duplicate_bytes=0 source_plan_index_bytes=0 reverse_input_copy_bytes=0
/home/wangshaoyan/proJect/C-GpuStreamGraph-CG/include/framework/framework.cuh:2551 HOST: [I21-WORK][batch 0 phase=add] reuse_delete_positions=0 position_capacity_bytes=0
/home/wangshaoyan/proJect/C-GpuStreamGraph-CG/include/framework/framework.cuh:2559 HOST: [C3-EFFECTIVE][batch 0 phase=add] records=0 changed_sources=0 reverse_prepare_ms=0.000
/home/wangshaoyan/proJect/C-GpuStreamGraph-CG/include/framework/framework.cuh:2582 HOST: [C3-CPU-MUTATION][batch 0 phase=add] epoch=1 workers=2 touched=0 changed=0 updates=0 max_source_updates=0 source_work=0 max_source_work=0 written_bytes=0 relocation_bytes=0 allocations=0 reused_blocks=0 retired_blocks=0 logical_edges=3587 group_ms=0.000 prepare_ms=0.000 preflight_ms=0.000 allocation_ms=0.000 commit_ms=0.000 apply_ms=0.000 retire_ms=0.000 mutation_ms=0.000
/home/wangshaoyan/proJect/C-GpuStreamGraph-CG/include/framework/framework.cuh:2490 HOST: [I21-PUBLICATION][batch 0] merge=1 input_sources=0 output_sources=0 source_order_ms=0.000
[D1-SPARSE-STAGING] patch_capacity_records=595 patch_bytes=14280 digest_bytes=0 total_bytes=14280
/home/wangshaoyan/proJect/C-GpuStreamGraph-CG/include/framework/framework.cuh:2763 HOST: [PR-BATCH] batch=0 touched_sources=0 published_sources=0 rounds=1 publication_ms=0.004 cache_invalidations=0 stop=iteration_limit active=1806 limit=1
/home/wangshaoyan/proJect/C-GpuStreamGraph-CG/include/framework/framework.cuh:1278 HOST: comp_hotness time: 0.009000 ms (excluded)
/home/wangshaoyan/proJect/C-GpuStreamGraph-CG/include/framework/graph_datum.cuh:299 HOST: sort vtx by hot
/home/wangshaoyan/proJect/C-GpuStreamGraph-CG/include/framework/framework.cuh:1297 HOST: sort vtx ms (excluded)
/home/wangshaoyan/proJect/C-GpuStreamGraph-CG/include/framework/framework.cuh:1324 HOST: extract degree time: 0.008000 ms (excluded)
/home/wangshaoyan/proJect/C-GpuStreamGraph-CG/include/framework/framework.cuh:1393 HOST: candidate v time: 0.007000 ms (excluded)
/home/wangshaoyan/proJect/C-GpuStreamGraph-CG/include/framework/framework.cuh:1430 HOST: [F1-CACHE-GATE] desired_vertices=4096 published_vertices=4096 missing_desired=0 refresh_required=0 candidate_ms=0.026
/home/wangshaoyan/proJect/C-GpuStreamGraph-CG/samples/hybrid_pr/hybrid_pr.cu:193 HOST: [P0-TIMER][PR][batch 0] paper_algorithm_ms=0.264
/home/wangshaoyan/proJect/C-GpuStreamGraph-CG/include/framework/framework.cuh:2512 HOST: [I21-RADIX][batch 1] parallel=0
/home/wangshaoyan/proJect/C-GpuStreamGraph-CG/include/framework/framework.cuh:2514 HOST: [I23-GROUP][batch 1] bulk=0 record_ms=0.000 sort_ms=0.001 materialize_ms=0.001
/home/wangshaoyan/proJect/C-GpuStreamGraph-CG/include/framework/framework.cuh:2517 HOST: [I20-MODE][batch 1] maintenance=large requests=1
/home/wangshaoyan/proJect/C-GpuStreamGraph-CG/include/framework/framework.cuh:2524 HOST: [I14-BATCH][batch 1] sources=1 updates=1 group_ms=0.005
/home/wangshaoyan/proJect/C-GpuStreamGraph-CG/include/framework/framework.cuh:2540 HOST: [I19-WORK][batch 1 phase=delete] deletion_match_reads=1 mutation_edge_reads=0 effective_bytes=16
/home/wangshaoyan/proJect/C-GpuStreamGraph-CG/include/framework/framework.cuh:2545 HOST: [I20-WORK][batch 1 phase=delete] source_plan_duplicate_bytes=0 source_plan_index_bytes=8 reverse_input_copy_bytes=0
/home/wangshaoyan/proJect/C-GpuStreamGraph-CG/include/framework/framework.cuh:2551 HOST: [I21-WORK][batch 1 phase=delete] reuse_delete_positions=0 position_capacity_bytes=0
/home/wangshaoyan/proJect/C-GpuStreamGraph-CG/include/framework/framework.cuh:2559 HOST: [C3-EFFECTIVE][batch 1 phase=delete] records=1 changed_sources=1 reverse_prepare_ms=0.000
/home/wangshaoyan/proJect/C-GpuStreamGraph-CG/include/framework/framework.cuh:2605 HOST: [C3-CPU-MUTATION][batch 1 phase=delete] epoch=2 workers=2 touched=1 changed=1 updates=1 max_source_updates=1 source_work=2 max_source_work=2 missing_deletes=0 written_bytes=0 allocations=0 reused_blocks=0 retired_blocks=0 logical_edges=3586 group_ms=0.000 prepare_ms=0.242 preflight_ms=0.001 allocation_ms=0.000 commit_ms=0.000 apply_ms=0.024 retire_ms=0.000 mutation_ms=0.266
/home/wangshaoyan/proJect/C-GpuStreamGraph-CG/include/framework/framework.cuh:2540 HOST: [I19-WORK][batch 1 phase=add] deletion_match_reads=0 mutation_edge_reads=0 effective_bytes=0
/home/wangshaoyan/proJect/C-GpuStreamGraph-CG/include/framework/framework.cuh:2545 HOST: [I20-WORK][batch 1 phase=add] source_plan_duplicate_bytes=0 source_plan_index_bytes=0 reverse_input_copy_bytes=0
/home/wangshaoyan/proJect/C-GpuStreamGraph-CG/include/framework/framework.cuh:2551 HOST: [I21-WORK][batch 1 phase=add] reuse_delete_positions=0 position_capacity_bytes=0
/home/wangshaoyan/proJect/C-GpuStreamGraph-CG/include/framework/framework.cuh:2559 HOST: [C3-EFFECTIVE][batch 1 phase=add] records=0 changed_sources=0 reverse_prepare_ms=0.000
/home/wangshaoyan/proJect/C-GpuStreamGraph-CG/include/framework/framework.cuh:2582 HOST: [C3-CPU-MUTATION][batch 1 phase=add] epoch=2 workers=2 touched=0 changed=0 updates=0 max_source_updates=0 source_work=0 max_source_work=0 written_bytes=0 relocation_bytes=0 allocations=0 reused_blocks=0 retired_blocks=0 logical_edges=3586 group_ms=0.000 prepare_ms=0.000 preflight_ms=0.000 allocation_ms=0.000 commit_ms=0.000 apply_ms=0.000 retire_ms=0.000 mutation_ms=0.001
/home/wangshaoyan/proJect/C-GpuStreamGraph-CG/include/framework/framework.cuh:2490 HOST: [I21-PUBLICATION][batch 1] merge=1 input_sources=1 output_sources=1 source_order_ms=0.000
[D1-SPARSE-STAGING] patch_capacity_records=595 patch_bytes=14280 digest_bytes=0 total_bytes=14280
/home/wangshaoyan/proJect/C-GpuStreamGraph-CG/include/framework/framework.cuh:2763 HOST: [PR-BATCH] batch=1 touched_sources=1 published_sources=1 rounds=1 publication_ms=0.039 cache_invalidations=0 stop=iteration_limit active=1804 limit=1
/home/wangshaoyan/proJect/C-GpuStreamGraph-CG/include/framework/framework.cuh:1278 HOST: comp_hotness time: 0.008000 ms (excluded)
/home/wangshaoyan/proJect/C-GpuStreamGraph-CG/include/framework/graph_datum.cuh:299 HOST: sort vtx by hot
/home/wangshaoyan/proJect/C-GpuStreamGraph-CG/include/framework/framework.cuh:1297 HOST: sort vtx ms (excluded)
/home/wangshaoyan/proJect/C-GpuStreamGraph-CG/include/framework/framework.cuh:1324 HOST: extract degree time: 0.008000 ms (excluded)
/home/wangshaoyan/proJect/C-GpuStreamGraph-CG/include/framework/framework.cuh:1393 HOST: candidate v time: 0.006000 ms (excluded)
/home/wangshaoyan/proJect/C-GpuStreamGraph-CG/include/framework/framework.cuh:1430 HOST: [F1-CACHE-GATE] desired_vertices=4096 published_vertices=4096 missing_desired=0 refresh_required=0 candidate_ms=0.008
/home/wangshaoyan/proJect/C-GpuStreamGraph-CG/samples/hybrid_pr/hybrid_pr.cu:193 HOST: [P0-TIMER][PR][batch 1] paper_algorithm_ms=0.531
/home/wangshaoyan/proJect/C-GpuStreamGraph-CG/include/framework/framework.cuh:2512 HOST: [I21-RADIX][batch 2] parallel=0
/home/wangshaoyan/proJect/C-GpuStreamGraph-CG/include/framework/framework.cuh:2514 HOST: [I23-GROUP][batch 2] bulk=0 record_ms=0.000 sort_ms=0.000 materialize_ms=0.001
/home/wangshaoyan/proJect/C-GpuStreamGraph-CG/include/framework/framework.cuh:2517 HOST: [I20-MODE][batch 2] maintenance=large requests=1
/home/wangshaoyan/proJect/C-GpuStreamGraph-CG/include/framework/framework.cuh:2524 HOST: [I14-BATCH][batch 2] sources=1 updates=1 group_ms=0.003
/home/wangshaoyan/proJect/C-GpuStreamGraph-CG/include/framework/framework.cuh:2540 HOST: [I19-WORK][batch 2 phase=delete] deletion_match_reads=0 mutation_edge_reads=0 effective_bytes=0
/home/wangshaoyan/proJect/C-GpuStreamGraph-CG/include/framework/framework.cuh:2545 HOST: [I20-WORK][batch 2 phase=delete] source_plan_duplicate_bytes=0 source_plan_index_bytes=0 reverse_input_copy_bytes=0
/home/wangshaoyan/proJect/C-GpuStreamGraph-CG/include/framework/framework.cuh:2551 HOST: [I21-WORK][batch 2 phase=delete] reuse_delete_positions=0 position_capacity_bytes=0
/home/wangshaoyan/proJect/C-GpuStreamGraph-CG/include/framework/framework.cuh:2559 HOST: [C3-EFFECTIVE][batch 2 phase=delete] records=0 changed_sources=0 reverse_prepare_ms=0.000
/home/wangshaoyan/proJect/C-GpuStreamGraph-CG/include/framework/framework.cuh:2605 HOST: [C3-CPU-MUTATION][batch 2 phase=delete] epoch=3 workers=2 touched=0 changed=0 updates=0 max_source_updates=0 source_work=0 max_source_work=0 missing_deletes=0 written_bytes=0 allocations=0 reused_blocks=0 retired_blocks=0 logical_edges=3586 group_ms=0.000 prepare_ms=0.000 preflight_ms=0.000 allocation_ms=0.000 commit_ms=0.000 apply_ms=0.000 retire_ms=0.000 mutation_ms=0.001
/home/wangshaoyan/proJect/C-GpuStreamGraph-CG/include/framework/framework.cuh:2540 HOST: [I19-WORK][batch 2 phase=add] deletion_match_reads=0 mutation_edge_reads=0 effective_bytes=16
/home/wangshaoyan/proJect/C-GpuStreamGraph-CG/include/framework/framework.cuh:2545 HOST: [I20-WORK][batch 2 phase=add] source_plan_duplicate_bytes=0 source_plan_index_bytes=8 reverse_input_copy_bytes=0
/home/wangshaoyan/proJect/C-GpuStreamGraph-CG/include/framework/framework.cuh:2551 HOST: [I21-WORK][batch 2 phase=add] reuse_delete_positions=0 position_capacity_bytes=0
/home/wangshaoyan/proJect/C-GpuStreamGraph-CG/include/framework/framework.cuh:2559 HOST: [C3-EFFECTIVE][batch 2 phase=add] records=1 changed_sources=1 reverse_prepare_ms=0.000
/home/wangshaoyan/proJect/C-GpuStreamGraph-CG/include/framework/framework.cuh:2582 HOST: [C3-CPU-MUTATION][batch 2 phase=add] epoch=3 workers=2 touched=1 changed=1 updates=1 max_source_updates=1 source_work=1 max_source_work=1 written_bytes=4 relocation_bytes=0 allocations=0 reused_blocks=0 retired_blocks=0 logical_edges=3587 group_ms=0.000 prepare_ms=0.024 preflight_ms=0.000 allocation_ms=0.000 commit_ms=0.000 apply_ms=0.016 retire_ms=0.000 mutation_ms=0.040
/home/wangshaoyan/proJect/C-GpuStreamGraph-CG/include/framework/framework.cuh:2490 HOST: [I21-PUBLICATION][batch 2] merge=1 input_sources=1 output_sources=1 source_order_ms=0.000
[D1-SPARSE-STAGING] patch_capacity_records=595 patch_bytes=14280 digest_bytes=0 total_bytes=14280
/home/wangshaoyan/proJect/C-GpuStreamGraph-CG/include/framework/framework.cuh:2763 HOST: [PR-BATCH] batch=2 touched_sources=1 published_sources=1 rounds=1 publication_ms=0.015 cache_invalidations=0 stop=iteration_limit active=1802 limit=1
/home/wangshaoyan/proJect/C-GpuStreamGraph-CG/include/framework/framework.cuh:1278 HOST: comp_hotness time: 0.008000 ms (excluded)
/home/wangshaoyan/proJect/C-GpuStreamGraph-CG/include/framework/graph_datum.cuh:299 HOST: sort vtx by hot
/home/wangshaoyan/proJect/C-GpuStreamGraph-CG/include/framework/framework.cuh:1297 HOST: sort vtx ms (excluded)
/home/wangshaoyan/proJect/C-GpuStreamGraph-CG/include/framework/framework.cuh:1324 HOST: extract degree time: 0.008000 ms (excluded)
/home/wangshaoyan/proJect/C-GpuStreamGraph-CG/include/framework/framework.cuh:1393 HOST: candidate v time: 0.006000 ms (excluded)
/home/wangshaoyan/proJect/C-GpuStreamGraph-CG/include/framework/framework.cuh:1430 HOST: [F1-CACHE-GATE] desired_vertices=4096 published_vertices=4096 missing_desired=0 refresh_required=0 candidate_ms=0.008
/home/wangshaoyan/proJect/C-GpuStreamGraph-CG/samples/hybrid_pr/hybrid_pr.cu:193 HOST: [P0-TIMER][PR][batch 2] paper_algorithm_ms=0.268
/home/wangshaoyan/proJect/C-GpuStreamGraph-CG/include/framework/framework.cuh:2512 HOST: [I21-RADIX][batch 3] parallel=0
/home/wangshaoyan/proJect/C-GpuStreamGraph-CG/include/framework/framework.cuh:2514 HOST: [I23-GROUP][batch 3] bulk=0 record_ms=0.000 sort_ms=0.000 materialize_ms=0.001
/home/wangshaoyan/proJect/C-GpuStreamGraph-CG/include/framework/framework.cuh:2517 HOST: [I20-MODE][batch 3] maintenance=large requests=2
/home/wangshaoyan/proJect/C-GpuStreamGraph-CG/include/framework/framework.cuh:2524 HOST: [I14-BATCH][batch 3] sources=1 updates=2 group_ms=0.003
/home/wangshaoyan/proJect/C-GpuStreamGraph-CG/include/framework/framework.cuh:2540 HOST: [I19-WORK][batch 3 phase=delete] deletion_match_reads=1 mutation_edge_reads=0 effective_bytes=16
/home/wangshaoyan/proJect/C-GpuStreamGraph-CG/include/framework/framework.cuh:2545 HOST: [I20-WORK][batch 3 phase=delete] source_plan_duplicate_bytes=0 source_plan_index_bytes=8 reverse_input_copy_bytes=0
/home/wangshaoyan/proJect/C-GpuStreamGraph-CG/include/framework/framework.cuh:2551 HOST: [I21-WORK][batch 3 phase=delete] reuse_delete_positions=0 position_capacity_bytes=0
/home/wangshaoyan/proJect/C-GpuStreamGraph-CG/include/framework/framework.cuh:2559 HOST: [C3-EFFECTIVE][batch 3 phase=delete] records=1 changed_sources=1 reverse_prepare_ms=0.000
/home/wangshaoyan/proJect/C-GpuStreamGraph-CG/include/framework/framework.cuh:2605 HOST: [C3-CPU-MUTATION][batch 3 phase=delete] epoch=4 workers=2 touched=1 changed=1 updates=1 max_source_updates=1 source_work=2 max_source_work=2 missing_deletes=0 written_bytes=0 allocations=0 reused_blocks=0 retired_blocks=0 logical_edges=3586 group_ms=0.000 prepare_ms=0.018 preflight_ms=0.000 allocation_ms=0.000 commit_ms=0.000 apply_ms=0.026 retire_ms=0.000 mutation_ms=0.044
/home/wangshaoyan/proJect/C-GpuStreamGraph-CG/include/framework/framework.cuh:2540 HOST: [I19-WORK][batch 3 phase=add] deletion_match_reads=0 mutation_edge_reads=0 effective_bytes=16
/home/wangshaoyan/proJect/C-GpuStreamGraph-CG/include/framework/framework.cuh:2545 HOST: [I20-WORK][batch 3 phase=add] source_plan_duplicate_bytes=0 source_plan_index_bytes=8 reverse_input_copy_bytes=0
/home/wangshaoyan/proJect/C-GpuStreamGraph-CG/include/framework/framework.cuh:2551 HOST: [I21-WORK][batch 3 phase=add] reuse_delete_positions=0 position_capacity_bytes=0
/home/wangshaoyan/proJect/C-GpuStreamGraph-CG/include/framework/framework.cuh:2559 HOST: [C3-EFFECTIVE][batch 3 phase=add] records=1 changed_sources=1 reverse_prepare_ms=0.000
/home/wangshaoyan/proJect/C-GpuStreamGraph-CG/include/framework/framework.cuh:2582 HOST: [C3-CPU-MUTATION][batch 3 phase=add] epoch=4 workers=2 touched=1 changed=1 updates=1 max_source_updates=1 source_work=1 max_source_work=1 written_bytes=4 relocation_bytes=0 allocations=0 reused_blocks=0 retired_blocks=0 logical_edges=3587 group_ms=0.000 prepare_ms=0.011 preflight_ms=0.000 allocation_ms=0.000 commit_ms=0.000 apply_ms=0.010 retire_ms=0.000 mutation_ms=0.021
/home/wangshaoyan/proJect/C-GpuStreamGraph-CG/include/framework/framework.cuh:2490 HOST: [I21-PUBLICATION][batch 3] merge=1 input_sources=2 output_sources=1 source_order_ms=0.000
[D1-SPARSE-STAGING] patch_capacity_records=595 patch_bytes=14280 digest_bytes=0 total_bytes=14280
/home/wangshaoyan/proJect/C-GpuStreamGraph-CG/include/framework/framework.cuh:2763 HOST: [PR-BATCH] batch=3 touched_sources=1 published_sources=1 rounds=1 publication_ms=0.014 cache_invalidations=0 stop=iteration_limit active=1800 limit=1
/home/wangshaoyan/proJect/C-GpuStreamGraph-CG/include/framework/framework.cuh:1278 HOST: comp_hotness time: 0.008000 ms (excluded)
/home/wangshaoyan/proJect/C-GpuStreamGraph-CG/include/framework/graph_datum.cuh:299 HOST: sort vtx by hot
/home/wangshaoyan/proJect/C-GpuStreamGraph-CG/include/framework/framework.cuh:1297 HOST: sort vtx ms (excluded)
/home/wangshaoyan/proJect/C-GpuStreamGraph-CG/include/framework/framework.cuh:1324 HOST: extract degree time: 0.008000 ms (excluded)
/home/wangshaoyan/proJect/C-GpuStreamGraph-CG/include/framework/framework.cuh:1393 HOST: candidate v time: 0.005000 ms (excluded)
/home/wangshaoyan/proJect/C-GpuStreamGraph-CG/include/framework/framework.cuh:1430 HOST: [F1-CACHE-GATE] desired_vertices=4096 published_vertices=4096 missing_desired=0 refresh_required=0 candidate_ms=0.008
/home/wangshaoyan/proJect/C-GpuStreamGraph-CG/samples/hybrid_pr/hybrid_pr.cu:193 HOST: [P0-TIMER][PR][batch 3] paper_algorithm_ms=0.290
/home/wangshaoyan/proJect/C-GpuStreamGraph-CG/include/framework/framework.cuh:2512 HOST: [I21-RADIX][batch 4] parallel=0
/home/wangshaoyan/proJect/C-GpuStreamGraph-CG/include/framework/framework.cuh:2514 HOST: [I23-GROUP][batch 4] bulk=0 record_ms=0.000 sort_ms=0.000 materialize_ms=0.000
/home/wangshaoyan/proJect/C-GpuStreamGraph-CG/include/framework/framework.cuh:2517 HOST: [I20-MODE][batch 4] maintenance=large requests=1
/home/wangshaoyan/proJect/C-GpuStreamGraph-CG/include/framework/framework.cuh:2524 HOST: [I14-BATCH][batch 4] sources=1 updates=1 group_ms=0.007
/home/wangshaoyan/proJect/C-GpuStreamGraph-CG/include/framework/framework.cuh:2540 HOST: [I19-WORK][batch 4 phase=delete] deletion_match_reads=1 mutation_edge_reads=1 effective_bytes=16
/home/wangshaoyan/proJect/C-GpuStreamGraph-CG/include/framework/framework.cuh:2545 HOST: [I20-WORK][batch 4 phase=delete] source_plan_duplicate_bytes=0 source_plan_index_bytes=8 reverse_input_copy_bytes=0
/home/wangshaoyan/proJect/C-GpuStreamGraph-CG/include/framework/framework.cuh:2551 HOST: [I21-WORK][batch 4 phase=delete] reuse_delete_positions=0 position_capacity_bytes=0
/home/wangshaoyan/proJect/C-GpuStreamGraph-CG/include/framework/framework.cuh:2559 HOST: [C3-EFFECTIVE][batch 4 phase=delete] records=1 changed_sources=1 reverse_prepare_ms=0.000
/home/wangshaoyan/proJect/C-GpuStreamGraph-CG/include/framework/framework.cuh:2605 HOST: [C3-CPU-MUTATION][batch 4 phase=delete] epoch=5 workers=2 touched=1 changed=1 updates=1 max_source_updates=1 source_work=3 max_source_work=3 missing_deletes=0 written_bytes=4 allocations=0 reused_blocks=0 retired_blocks=0 logical_edges=3586 group_ms=0.000 prepare_ms=0.010 preflight_ms=0.000 allocation_ms=0.000 commit_ms=0.000 apply_ms=0.009 retire_ms=0.000 mutation_ms=0.020
/home/wangshaoyan/proJect/C-GpuStreamGraph-CG/include/framework/framework.cuh:2540 HOST: [I19-WORK][batch 4 phase=add] deletion_match_reads=0 mutation_edge_reads=0 effective_bytes=0
/home/wangshaoyan/proJect/C-GpuStreamGraph-CG/include/framework/framework.cuh:2545 HOST: [I20-WORK][batch 4 phase=add] source_plan_duplicate_bytes=0 source_plan_index_bytes=0 reverse_input_copy_bytes=0
/home/wangshaoyan/proJect/C-GpuStreamGraph-CG/include/framework/framework.cuh:2551 HOST: [I21-WORK][batch 4 phase=add] reuse_delete_positions=0 position_capacity_bytes=0
/home/wangshaoyan/proJect/C-GpuStreamGraph-CG/include/framework/framework.cuh:2559 HOST: [C3-EFFECTIVE][batch 4 phase=add] records=0 changed_sources=0 reverse_prepare_ms=0.000
/home/wangshaoyan/proJect/C-GpuStreamGraph-CG/include/framework/framework.cuh:2582 HOST: [C3-CPU-MUTATION][batch 4 phase=add] epoch=5 workers=2 touched=0 changed=0 updates=0 max_source_updates=0 source_work=0 max_source_work=0 written_bytes=0 relocation_bytes=0 allocations=0 reused_blocks=0 retired_blocks=0 logical_edges=3586 group_ms=0.000 prepare_ms=0.000 preflight_ms=0.000 allocation_ms=0.000 commit_ms=0.000 apply_ms=0.000 retire_ms=0.000 mutation_ms=0.000
/home/wangshaoyan/proJect/C-GpuStreamGraph-CG/include/framework/framework.cuh:2490 HOST: [I21-PUBLICATION][batch 4] merge=1 input_sources=1 output_sources=1 source_order_ms=0.000
[D1-SPARSE-STAGING] patch_capacity_records=595 patch_bytes=14280 digest_bytes=0 total_bytes=14280
/home/wangshaoyan/proJect/C-GpuStreamGraph-CG/include/framework/framework.cuh:2763 HOST: [PR-BATCH] batch=4 touched_sources=1 published_sources=1 rounds=1 publication_ms=0.015 cache_invalidations=0 stop=iteration_limit active=1799 limit=1
/home/wangshaoyan/proJect/C-GpuStreamGraph-CG/include/framework/framework.cuh:1278 HOST: comp_hotness time: 0.008000 ms (excluded)
/home/wangshaoyan/proJect/C-GpuStreamGraph-CG/include/framework/graph_datum.cuh:299 HOST: sort vtx by hot
/home/wangshaoyan/proJect/C-GpuStreamGraph-CG/include/framework/framework.cuh:1297 HOST: sort vtx ms (excluded)
/home/wangshaoyan/proJect/C-GpuStreamGraph-CG/include/framework/framework.cuh:1324 HOST: extract degree time: 0.008000 ms (excluded)
/home/wangshaoyan/proJect/C-GpuStreamGraph-CG/include/framework/framework.cuh:1393 HOST: candidate v time: 0.005000 ms (excluded)
/home/wangshaoyan/proJect/C-GpuStreamGraph-CG/include/framework/framework.cuh:1430 HOST: [F1-CACHE-GATE] desired_vertices=4096 published_vertices=4096 missing_desired=0 refresh_required=0 candidate_ms=0.009
/home/wangshaoyan/proJect/C-GpuStreamGraph-CG/samples/hybrid_pr/hybrid_pr.cu:193 HOST: [P0-TIMER][PR][batch 4] paper_algorithm_ms=0.250
/home/wangshaoyan/proJect/C-GpuStreamGraph-CG/include/framework/framework.cuh:2512 HOST: [I21-RADIX][batch 5] parallel=0
/home/wangshaoyan/proJect/C-GpuStreamGraph-CG/include/framework/framework.cuh:2514 HOST: [I23-GROUP][batch 5] bulk=0 record_ms=0.000 sort_ms=0.000 materialize_ms=0.001
/home/wangshaoyan/proJect/C-GpuStreamGraph-CG/include/framework/framework.cuh:2517 HOST: [I20-MODE][batch 5] maintenance=large requests=3
/home/wangshaoyan/proJect/C-GpuStreamGraph-CG/include/framework/framework.cuh:2524 HOST: [I14-BATCH][batch 5] sources=3 updates=3 group_ms=0.003
/home/wangshaoyan/proJect/C-GpuStreamGraph-CG/include/framework/framework.cuh:2540 HOST: [I19-WORK][batch 5 phase=delete] deletion_match_reads=2 mutation_edge_reads=0 effective_bytes=32
/home/wangshaoyan/proJect/C-GpuStreamGraph-CG/include/framework/framework.cuh:2545 HOST: [I20-WORK][batch 5 phase=delete] source_plan_duplicate_bytes=0 source_plan_index_bytes=16 reverse_input_copy_bytes=0
/home/wangshaoyan/proJect/C-GpuStreamGraph-CG/include/framework/framework.cuh:2551 HOST: [I21-WORK][batch 5 phase=delete] reuse_delete_positions=0 position_capacity_bytes=0
/home/wangshaoyan/proJect/C-GpuStreamGraph-CG/include/framework/framework.cuh:2559 HOST: [C3-EFFECTIVE][batch 5 phase=delete] records=2 changed_sources=2 reverse_prepare_ms=0.000
/home/wangshaoyan/proJect/C-GpuStreamGraph-CG/include/framework/framework.cuh:2605 HOST: [C3-CPU-MUTATION][batch 5 phase=delete] epoch=6 workers=2 touched=2 changed=2 updates=2 max_source_updates=1 source_work=4 max_source_work=2 missing_deletes=0 written_bytes=0 allocations=0 reused_blocks=0 retired_blocks=0 logical_edges=3584 group_ms=0.000 prepare_ms=0.013 preflight_ms=0.000 allocation_ms=0.000 commit_ms=0.000 apply_ms=0.010 retire_ms=0.000 mutation_ms=0.023
/home/wangshaoyan/proJect/C-GpuStreamGraph-CG/include/framework/framework.cuh:2540 HOST: [I19-WORK][batch 5 phase=add] deletion_match_reads=0 mutation_edge_reads=0 effective_bytes=16
/home/wangshaoyan/proJect/C-GpuStreamGraph-CG/include/framework/framework.cuh:2545 HOST: [I20-WORK][batch 5 phase=add] source_plan_duplicate_bytes=0 source_plan_index_bytes=8 reverse_input_copy_bytes=0
/home/wangshaoyan/proJect/C-GpuStreamGraph-CG/include/framework/framework.cuh:2551 HOST: [I21-WORK][batch 5 phase=add] reuse_delete_positions=0 position_capacity_bytes=0
/home/wangshaoyan/proJect/C-GpuStreamGraph-CG/include/framework/framework.cuh:2559 HOST: [C3-EFFECTIVE][batch 5 phase=add] records=1 changed_sources=1 reverse_prepare_ms=0.000
/home/wangshaoyan/proJect/C-GpuStreamGraph-CG/include/framework/framework.cuh:2582 HOST: [C3-CPU-MUTATION][batch 5 phase=add] epoch=6 workers=2 touched=1 changed=1 updates=1 max_source_updates=1 source_work=1 max_source_work=1 written_bytes=4 relocation_bytes=0 allocations=1 reused_blocks=0 retired_blocks=0 logical_edges=3585 group_ms=0.000 prepare_ms=0.010 preflight_ms=0.000 allocation_ms=0.000 commit_ms=0.000 apply_ms=0.009 retire_ms=0.000 mutation_ms=0.020
/home/wangshaoyan/proJect/C-GpuStreamGraph-CG/include/framework/framework.cuh:2490 HOST: [I21-PUBLICATION][batch 5] merge=1 input_sources=3 output_sources=3 source_order_ms=0.000
[D1-SPARSE-STAGING] patch_capacity_records=595 patch_bytes=14280 digest_bytes=0 total_bytes=14280
/home/wangshaoyan/proJect/C-GpuStreamGraph-CG/include/framework/framework.cuh:2763 HOST: [PR-BATCH] batch=5 touched_sources=3 published_sources=3 rounds=1 publication_ms=0.015 cache_invalidations=0 stop=iteration_limit active=1798 limit=1
/home/wangshaoyan/proJect/C-GpuStreamGraph-CG/include/framework/framework.cuh:1278 HOST: comp_hotness time: 0.008000 ms (excluded)
/home/wangshaoyan/proJect/C-GpuStreamGraph-CG/include/framework/graph_datum.cuh:299 HOST: sort vtx by hot
/home/wangshaoyan/proJect/C-GpuStreamGraph-CG/include/framework/framework.cuh:1297 HOST: sort vtx ms (excluded)
/home/wangshaoyan/proJect/C-GpuStreamGraph-CG/include/framework/framework.cuh:1324 HOST: extract degree time: 0.008000 ms (excluded)
/home/wangshaoyan/proJect/C-GpuStreamGraph-CG/include/framework/framework.cuh:1393 HOST: candidate v time: 0.005000 ms (excluded)
/home/wangshaoyan/proJect/C-GpuStreamGraph-CG/include/framework/framework.cuh:1430 HOST: [F1-CACHE-GATE] desired_vertices=4096 published_vertices=4096 missing_desired=0 refresh_required=0 candidate_ms=0.008
/home/wangshaoyan/proJect/C-GpuStreamGraph-CG/samples/hybrid_pr/hybrid_pr.cu:193 HOST: [P0-TIMER][PR][batch 5] paper_algorithm_ms=0.326
/home/wangshaoyan/proJect/C-GpuStreamGraph-CG/include/framework/framework.cuh:2512 HOST: [I21-RADIX][batch 6] parallel=0
/home/wangshaoyan/proJect/C-GpuStreamGraph-CG/include/framework/framework.cuh:2514 HOST: [I23-GROUP][batch 6] bulk=0 record_ms=0.008 sort_ms=0.007 materialize_ms=0.002
/home/wangshaoyan/proJect/C-GpuStreamGraph-CG/include/framework/framework.cuh:2517 HOST: [I20-MODE][batch 6] maintenance=large requests=595
/home/wangshaoyan/proJect/C-GpuStreamGraph-CG/include/framework/framework.cuh:2524 HOST: [I14-BATCH][batch 6] sources=2 updates=595 group_ms=0.024
/home/wangshaoyan/proJect/C-GpuStreamGraph-CG/include/framework/framework.cuh:2540 HOST: [I19-WORK][batch 6 phase=delete] deletion_match_reads=1777 mutation_edge_reads=1779 effective_bytes=9488
/home/wangshaoyan/proJect/C-GpuStreamGraph-CG/include/framework/framework.cuh:2545 HOST: [I20-WORK][batch 6 phase=delete] source_plan_duplicate_bytes=0 source_plan_index_bytes=8 reverse_input_copy_bytes=0
/home/wangshaoyan/proJect/C-GpuStreamGraph-CG/include/framework/framework.cuh:2551 HOST: [I21-WORK][batch 6 phase=delete] reuse_delete_positions=0 position_capacity_bytes=0
/home/wangshaoyan/proJect/C-GpuStreamGraph-CG/include/framework/framework.cuh:2559 HOST: [C3-EFFECTIVE][batch 6 phase=delete] records=593 changed_sources=1 reverse_prepare_ms=0.000
/home/wangshaoyan/proJect/C-GpuStreamGraph-CG/include/framework/framework.cuh:2605 HOST: [C3-CPU-MUTATION][batch 6 phase=delete] epoch=7 workers=2 touched=1 changed=1 updates=593 max_source_updates=593 source_work=2372 max_source_work=2372 missing_deletes=0 written_bytes=4744 allocations=0 reused_blocks=0 retired_blocks=0 logical_edges=2992 group_ms=0.000 prepare_ms=0.133 preflight_ms=0.004 allocation_ms=0.000 commit_ms=0.000 apply_ms=0.126 retire_ms=0.000 mutation_ms=0.263
/home/wangshaoyan/proJect/C-GpuStreamGraph-CG/include/framework/framework.cuh:2540 HOST: [I19-WORK][batch 6 phase=add] deletion_match_reads=0 mutation_edge_reads=0 effective_bytes=32
/home/wangshaoyan/proJect/C-GpuStreamGraph-CG/include/framework/framework.cuh:2545 HOST: [I20-WORK][batch 6 phase=add] source_plan_duplicate_bytes=0 source_plan_index_bytes=16 reverse_input_copy_bytes=0
/home/wangshaoyan/proJect/C-GpuStreamGraph-CG/include/framework/framework.cuh:2551 HOST: [I21-WORK][batch 6 phase=add] reuse_delete_positions=0 position_capacity_bytes=0
/home/wangshaoyan/proJect/C-GpuStreamGraph-CG/include/framework/framework.cuh:2559 HOST: [C3-EFFECTIVE][batch 6 phase=add] records=2 changed_sources=2 reverse_prepare_ms=0.000
/home/wangshaoyan/proJect/C-GpuStreamGraph-CG/include/framework/framework.cuh:2582 HOST: [C3-CPU-MUTATION][batch 6 phase=add] epoch=7 workers=2 touched=2 changed=2 updates=2 max_source_updates=1 source_work=1188 max_source_work=1187 written_bytes=8 relocation_bytes=0 allocations=1 reused_blocks=0 retired_blocks=0 logical_edges=2994 group_ms=0.000 prepare_ms=0.010 preflight_ms=0.001 allocation_ms=0.000 commit_ms=0.000 apply_ms=0.010 retire_ms=0.000 mutation_ms=0.021
/home/wangshaoyan/proJect/C-GpuStreamGraph-CG/include/framework/framework.cuh:2490 HOST: [I21-PUBLICATION][batch 6] merge=1 input_sources=3 output_sources=2 source_order_ms=0.000
[D1-SPARSE-STAGING] patch_capacity_records=595 patch_bytes=14280 digest_bytes=0 total_bytes=14280
/home/wangshaoyan/proJect/C-GpuStreamGraph-CG/include/framework/framework.cuh:2763 HOST: [PR-BATCH] batch=6 touched_sources=2 published_sources=2 rounds=1 publication_ms=0.019 cache_invalidations=0 stop=iteration_limit active=1205 limit=1
/home/wangshaoyan/proJect/C-GpuStreamGraph-CG/include/framework/framework.cuh:1278 HOST: comp_hotness time: 0.008000 ms (excluded)
/home/wangshaoyan/proJect/C-GpuStreamGraph-CG/include/framework/graph_datum.cuh:299 HOST: sort vtx by hot
/home/wangshaoyan/proJect/C-GpuStreamGraph-CG/include/framework/framework.cuh:1297 HOST: sort vtx ms (excluded)
/home/wangshaoyan/proJect/C-GpuStreamGraph-CG/include/framework/framework.cuh:1324 HOST: extract degree time: 0.008000 ms (excluded)
/home/wangshaoyan/proJect/C-GpuStreamGraph-CG/include/framework/framework.cuh:1393 HOST: candidate v time: 0.006000 ms (excluded)
/home/wangshaoyan/proJect/C-GpuStreamGraph-CG/include/framework/framework.cuh:1430 HOST: [F1-CACHE-GATE] desired_vertices=4096 published_vertices=4096 missing_desired=0 refresh_required=0 candidate_ms=0.009
/home/wangshaoyan/proJect/C-GpuStreamGraph-CG/samples/hybrid_pr/hybrid_pr.cu:193 HOST: [P0-TIMER][PR][batch 6] paper_algorithm_ms=0.548
/home/wangshaoyan/proJect/C-GpuStreamGraph-CG/include/framework/framework.cuh:2512 HOST: [I21-RADIX][batch 7] parallel=0
/home/wangshaoyan/proJect/C-GpuStreamGraph-CG/include/framework/framework.cuh:2514 HOST: [I23-GROUP][batch 7] bulk=0 record_ms=0.000 sort_ms=0.000 materialize_ms=0.001
/home/wangshaoyan/proJect/C-GpuStreamGraph-CG/include/framework/framework.cuh:2517 HOST: [I20-MODE][batch 7] maintenance=large requests=4
/home/wangshaoyan/proJect/C-GpuStreamGraph-CG/include/framework/framework.cuh:2524 HOST: [I14-BATCH][batch 7] sources=4 updates=4 group_ms=0.003
/home/wangshaoyan/proJect/C-GpuStreamGraph-CG/include/framework/framework.cuh:2540 HOST: [I19-WORK][batch 7 phase=delete] deletion_match_reads=1 mutation_edge_reads=0 effective_bytes=16
/home/wangshaoyan/proJect/C-GpuStreamGraph-CG/include/framework/framework.cuh:2545 HOST: [I20-WORK][batch 7 phase=delete] source_plan_duplicate_bytes=0 source_plan_index_bytes=8 reverse_input_copy_bytes=0
/home/wangshaoyan/proJect/C-GpuStreamGraph-CG/include/framework/framework.cuh:2551 HOST: [I21-WORK][batch 7 phase=delete] reuse_delete_positions=0 position_capacity_bytes=0
/home/wangshaoyan/proJect/C-GpuStreamGraph-CG/include/framework/framework.cuh:2559 HOST: [C3-EFFECTIVE][batch 7 phase=delete] records=1 changed_sources=1 reverse_prepare_ms=0.000
/home/wangshaoyan/proJect/C-GpuStreamGraph-CG/include/framework/framework.cuh:2605 HOST: [C3-CPU-MUTATION][batch 7 phase=delete] epoch=8 workers=2 touched=2 changed=1 updates=2 max_source_updates=1 source_work=3 max_source_work=2 missing_deletes=1 written_bytes=0 allocations=0 reused_blocks=0 retired_blocks=0 logical_edges=2993 group_ms=0.000 prepare_ms=0.011 preflight_ms=0.000 allocation_ms=0.000 commit_ms=0.000 apply_ms=0.009 retire_ms=0.000 mutation_ms=0.020
/home/wangshaoyan/proJect/C-GpuStreamGraph-CG/include/framework/framework.cuh:2540 HOST: [I19-WORK][batch 7 phase=add] deletion_match_reads=0 mutation_edge_reads=0 effective_bytes=32
/home/wangshaoyan/proJect/C-GpuStreamGraph-CG/include/framework/framework.cuh:2545 HOST: [I20-WORK][batch 7 phase=add] source_plan_duplicate_bytes=0 source_plan_index_bytes=16 reverse_input_copy_bytes=0
/home/wangshaoyan/proJect/C-GpuStreamGraph-CG/include/framework/framework.cuh:2551 HOST: [I21-WORK][batch 7 phase=add] reuse_delete_positions=0 position_capacity_bytes=0
/home/wangshaoyan/proJect/C-GpuStreamGraph-CG/include/framework/framework.cuh:2559 HOST: [C3-EFFECTIVE][batch 7 phase=add] records=2 changed_sources=2 reverse_prepare_ms=0.000
/home/wangshaoyan/proJect/C-GpuStreamGraph-CG/include/framework/framework.cuh:2582 HOST: [C3-CPU-MUTATION][batch 7 phase=add] epoch=8 workers=2 touched=2 changed=2 updates=2 max_source_updates=1 source_work=4 max_source_work=2 written_bytes=8 relocation_bytes=0 allocations=0 reused_blocks=0 retired_blocks=0 logical_edges=2995 group_ms=0.000 prepare_ms=0.011 preflight_ms=0.000 allocation_ms=0.000 commit_ms=0.000 apply_ms=0.010 retire_ms=0.000 mutation_ms=0.021
/home/wangshaoyan/proJect/C-GpuStreamGraph-CG/include/framework/framework.cuh:2490 HOST: [I21-PUBLICATION][batch 7] merge=1 input_sources=3 output_sources=3 source_order_ms=0.000
[D1-SPARSE-STAGING] patch_capacity_records=595 patch_bytes=14280 digest_bytes=0 total_bytes=14280
/home/wangshaoyan/proJect/C-GpuStreamGraph-CG/include/framework/framework.cuh:2763 HOST: [PR-BATCH] batch=7 touched_sources=4 published_sources=3 rounds=1 publication_ms=0.015 cache_invalidations=0 stop=iteration_limit active=1206 limit=1
/home/wangshaoyan/proJect/C-GpuStreamGraph-CG/include/framework/framework.cuh:1278 HOST: comp_hotness time: 0.008000 ms (excluded)
/home/wangshaoyan/proJect/C-GpuStreamGraph-CG/include/framework/graph_datum.cuh:299 HOST: sort vtx by hot
/home/wangshaoyan/proJect/C-GpuStreamGraph-CG/include/framework/framework.cuh:1297 HOST: sort vtx ms (excluded)
/home/wangshaoyan/proJect/C-GpuStreamGraph-CG/include/framework/framework.cuh:1324 HOST: extract degree time: 0.008000 ms (excluded)
/home/wangshaoyan/proJect/C-GpuStreamGraph-CG/include/framework/framework.cuh:1393 HOST: candidate v time: 0.005000 ms (excluded)
/home/wangshaoyan/proJect/C-GpuStreamGraph-CG/include/framework/framework.cuh:1430 HOST: [F1-CACHE-GATE] desired_vertices=4096 published_vertices=4096 missing_desired=0 refresh_required=0 candidate_ms=0.008
/home/wangshaoyan/proJect/C-GpuStreamGraph-CG/samples/hybrid_pr/hybrid_pr.cu:193 HOST: [P0-TIMER][PR][batch 7] paper_algorithm_ms=0.281
/home/wangshaoyan/proJect/C-GpuStreamGraph-CG/include/framework/framework.cuh:2512 HOST: [I21-RADIX][batch 8] parallel=0
/home/wangshaoyan/proJect/C-GpuStreamGraph-CG/include/framework/framework.cuh:2514 HOST: [I23-GROUP][batch 8] bulk=0 record_ms=0.000 sort_ms=0.000 materialize_ms=0.000
/home/wangshaoyan/proJect/C-GpuStreamGraph-CG/include/framework/framework.cuh:2517 HOST: [I20-MODE][batch 8] maintenance=large requests=4
/home/wangshaoyan/proJect/C-GpuStreamGraph-CG/include/framework/framework.cuh:2524 HOST: [I14-BATCH][batch 8] sources=2 updates=4 group_ms=0.003
/home/wangshaoyan/proJect/C-GpuStreamGraph-CG/include/framework/framework.cuh:2540 HOST: [I19-WORK][batch 8 phase=delete] deletion_match_reads=0 mutation_edge_reads=0 effective_bytes=0
/home/wangshaoyan/proJect/C-GpuStreamGraph-CG/include/framework/framework.cuh:2545 HOST: [I20-WORK][batch 8 phase=delete] source_plan_duplicate_bytes=0 source_plan_index_bytes=0 reverse_input_copy_bytes=0
/home/wangshaoyan/proJect/C-GpuStreamGraph-CG/include/framework/framework.cuh:2551 HOST: [I21-WORK][batch 8 phase=delete] reuse_delete_positions=0 position_capacity_bytes=0
/home/wangshaoyan/proJect/C-GpuStreamGraph-CG/include/framework/framework.cuh:2559 HOST: [C3-EFFECTIVE][batch 8 phase=delete] records=0 changed_sources=0 reverse_prepare_ms=0.000
/home/wangshaoyan/proJect/C-GpuStreamGraph-CG/include/framework/framework.cuh:2605 HOST: [C3-CPU-MUTATION][batch 8 phase=delete] epoch=9 workers=2 touched=0 changed=0 updates=0 max_source_updates=0 source_work=0 max_source_work=0 missing_deletes=0 written_bytes=0 allocations=0 reused_blocks=0 retired_blocks=0 logical_edges=2995 group_ms=0.000 prepare_ms=0.000 preflight_ms=0.000 allocation_ms=0.000 commit_ms=0.000 apply_ms=0.000 retire_ms=0.000 mutation_ms=0.001
/home/wangshaoyan/proJect/C-GpuStreamGraph-CG/include/framework/framework.cuh:2540 HOST: [I19-WORK][batch 8 phase=add] deletion_match_reads=0 mutation_edge_reads=0 effective_bytes=64
/home/wangshaoyan/proJect/C-GpuStreamGraph-CG/include/framework/framework.cuh:2545 HOST: [I20-WORK][batch 8 phase=add] source_plan_duplicate_bytes=0 source_plan_index_bytes=16 reverse_input_copy_bytes=0
/home/wangshaoyan/proJect/C-GpuStreamGraph-CG/include/framework/framework.cuh:2551 HOST: [I21-WORK][batch 8 phase=add] reuse_delete_positions=0 position_capacity_bytes=0
/home/wangshaoyan/proJect/C-GpuStreamGraph-CG/include/framework/framework.cuh:2559 HOST: [C3-EFFECTIVE][batch 8 phase=add] records=4 changed_sources=2 reverse_prepare_ms=0.000
/home/wangshaoyan/proJect/C-GpuStreamGraph-CG/include/framework/framework.cuh:2582 HOST: [C3-CPU-MUTATION][batch 8 phase=add] epoch=9 workers=2 touched=2 changed=2 updates=4 max_source_updates=2 source_work=4 max_source_work=2 written_bytes=16 relocation_bytes=0 allocations=0 reused_blocks=0 retired_blocks=0 logical_edges=2999 group_ms=0.000 prepare_ms=0.012 preflight_ms=0.001 allocation_ms=0.000 commit_ms=0.000 apply_ms=0.010 retire_ms=0.000 mutation_ms=0.023
/home/wangshaoyan/proJect/C-GpuStreamGraph-CG/include/framework/framework.cuh:2490 HOST: [I21-PUBLICATION][batch 8] merge=1 input_sources=2 output_sources=2 source_order_ms=0.000
[D1-SPARSE-STAGING] patch_capacity_records=595 patch_bytes=14280 digest_bytes=0 total_bytes=14280
/home/wangshaoyan/proJect/C-GpuStreamGraph-CG/include/framework/framework.cuh:2763 HOST: [PR-BATCH] batch=8 touched_sources=2 published_sources=2 rounds=1 publication_ms=0.015 cache_invalidations=0 stop=iteration_limit active=1205 limit=1
/home/wangshaoyan/proJect/C-GpuStreamGraph-CG/include/framework/framework.cuh:1278 HOST: comp_hotness time: 0.008000 ms (excluded)
/home/wangshaoyan/proJect/C-GpuStreamGraph-CG/include/framework/graph_datum.cuh:299 HOST: sort vtx by hot
/home/wangshaoyan/proJect/C-GpuStreamGraph-CG/include/framework/framework.cuh:1297 HOST: sort vtx ms (excluded)
/home/wangshaoyan/proJect/C-GpuStreamGraph-CG/include/framework/framework.cuh:1324 HOST: extract degree time: 0.009000 ms (excluded)
/home/wangshaoyan/proJect/C-GpuStreamGraph-CG/include/framework/framework.cuh:1393 HOST: candidate v time: 0.005000 ms (excluded)
/home/wangshaoyan/proJect/C-GpuStreamGraph-CG/include/framework/framework.cuh:1430 HOST: [F1-CACHE-GATE] desired_vertices=4096 published_vertices=4096 missing_desired=0 refresh_required=0 candidate_ms=0.009
/home/wangshaoyan/proJect/C-GpuStreamGraph-CG/samples/hybrid_pr/hybrid_pr.cu:193 HOST: [P0-TIMER][PR][batch 8] paper_algorithm_ms=0.251
/home/wangshaoyan/proJect/C-GpuStreamGraph-CG/include/framework/framework.cuh:2512 HOST: [I21-RADIX][batch 9] parallel=0
/home/wangshaoyan/proJect/C-GpuStreamGraph-CG/include/framework/framework.cuh:2514 HOST: [I23-GROUP][batch 9] bulk=0 record_ms=0.000 sort_ms=0.000 materialize_ms=0.001
/home/wangshaoyan/proJect/C-GpuStreamGraph-CG/include/framework/framework.cuh:2517 HOST: [I20-MODE][batch 9] maintenance=large requests=3
/home/wangshaoyan/proJect/C-GpuStreamGraph-CG/include/framework/framework.cuh:2524 HOST: [I14-BATCH][batch 9] sources=3 updates=3 group_ms=0.003
/home/wangshaoyan/proJect/C-GpuStreamGraph-CG/include/framework/framework.cuh:2540 HOST: [I19-WORK][batch 9 phase=delete] deletion_match_reads=1188 mutation_edge_reads=0 effective_bytes=32
/home/wangshaoyan/proJect/C-GpuStreamGraph-CG/include/framework/framework.cuh:2545 HOST: [I20-WORK][batch 9 phase=delete] source_plan_duplicate_bytes=0 source_plan_index_bytes=16 reverse_input_copy_bytes=0
/home/wangshaoyan/proJect/C-GpuStreamGraph-CG/include/framework/framework.cuh:2551 HOST: [I21-WORK][batch 9 phase=delete] reuse_delete_positions=0 position_capacity_bytes=0
/home/wangshaoyan/proJect/C-GpuStreamGraph-CG/include/framework/framework.cuh:2559 HOST: [C3-EFFECTIVE][batch 9 phase=delete] records=2 changed_sources=2 reverse_prepare_ms=0.000
/home/wangshaoyan/proJect/C-GpuStreamGraph-CG/include/framework/framework.cuh:2605 HOST: [C3-CPU-MUTATION][batch 9 phase=delete] epoch=10 workers=2 touched=2 changed=2 updates=2 max_source_updates=1 source_work=1190 max_source_work=1188 missing_deletes=0 written_bytes=0 allocations=0 reused_blocks=0 retired_blocks=0 logical_edges=2997 group_ms=0.000 prepare_ms=0.012 preflight_ms=0.000 allocation_ms=0.000 commit_ms=0.000 apply_ms=0.008 retire_ms=0.000 mutation_ms=0.021
/home/wangshaoyan/proJect/C-GpuStreamGraph-CG/include/framework/framework.cuh:2540 HOST: [I19-WORK][batch 9 phase=add] deletion_match_reads=0 mutation_edge_reads=0 effective_bytes=16
/home/wangshaoyan/proJect/C-GpuStreamGraph-CG/include/framework/framework.cuh:2545 HOST: [I20-WORK][batch 9 phase=add] source_plan_duplicate_bytes=0 source_plan_index_bytes=8 reverse_input_copy_bytes=0
/home/wangshaoyan/proJect/C-GpuStreamGraph-CG/include/framework/framework.cuh:2551 HOST: [I21-WORK][batch 9 phase=add] reuse_delete_positions=0 position_capacity_bytes=0
/home/wangshaoyan/proJect/C-GpuStreamGraph-CG/include/framework/framework.cuh:2559 HOST: [C3-EFFECTIVE][batch 9 phase=add] records=1 changed_sources=1 reverse_prepare_ms=0.000
/home/wangshaoyan/proJect/C-GpuStreamGraph-CG/include/framework/framework.cuh:2582 HOST: [C3-CPU-MUTATION][batch 9 phase=add] epoch=10 workers=2 touched=1 changed=1 updates=1 max_source_updates=1 source_work=1 max_source_work=1 written_bytes=4 relocation_bytes=0 allocations=0 reused_blocks=0 retired_blocks=0 logical_edges=2998 group_ms=0.000 prepare_ms=0.010 preflight_ms=0.000 allocation_ms=0.000 commit_ms=0.000 apply_ms=0.008 retire_ms=0.000 mutation_ms=0.019
/home/wangshaoyan/proJect/C-GpuStreamGraph-CG/include/framework/framework.cuh:2490 HOST: [I21-PUBLICATION][batch 9] merge=1 input_sources=3 output_sources=3 source_order_ms=0.000
[D1-SPARSE-STAGING] patch_capacity_records=595 patch_bytes=14280 digest_bytes=0 total_bytes=14280
/home/wangshaoyan/proJect/C-GpuStreamGraph-CG/include/framework/framework.cuh:2763 HOST: [PR-BATCH] batch=9 touched_sources=3 published_sources=3 rounds=1 publication_ms=0.019 cache_invalidations=0 stop=iteration_limit active=1205 limit=1
/home/wangshaoyan/proJect/C-GpuStreamGraph-CG/include/framework/framework.cuh:1278 HOST: comp_hotness time: 0.009000 ms (excluded)
/home/wangshaoyan/proJect/C-GpuStreamGraph-CG/include/framework/graph_datum.cuh:299 HOST: sort vtx by hot
/home/wangshaoyan/proJect/C-GpuStreamGraph-CG/include/framework/framework.cuh:1297 HOST: sort vtx ms (excluded)
/home/wangshaoyan/proJect/C-GpuStreamGraph-CG/include/framework/framework.cuh:1324 HOST: extract degree time: 0.009000 ms (excluded)
/home/wangshaoyan/proJect/C-GpuStreamGraph-CG/include/framework/framework.cuh:1393 HOST: candidate v time: 0.005000 ms (excluded)
/home/wangshaoyan/proJect/C-GpuStreamGraph-CG/include/framework/framework.cuh:1430 HOST: [F1-CACHE-GATE] desired_vertices=4096 published_vertices=4096 missing_desired=0 refresh_required=0 candidate_ms=0.008
/home/wangshaoyan/proJect/C-GpuStreamGraph-CG/samples/hybrid_pr/hybrid_pr.cu:193 HOST: [P0-TIMER][PR][batch 9] paper_algorithm_ms=0.280
/home/wangshaoyan/proJect/C-GpuStreamGraph-CG/samples/hybrid_pr/hybrid_pr.cu:206 HOST: [PR-FINAL] vertices=4096 batches=10

Context status:
	Endpoint map (virtual endpoint, physical device):  (-1, -1) (0, 0)
	Event pools (device, events):  (0, 0)
Overall: Test passed
