
Testing single GPU Page Rank
--------------------

/home/wangshaoyan/proJect/C-GpuStreamGraph/samples/hybrid_pr/hybrid_pr.cu:158 HOST: HybridPageRank

Loading graph /tmp/pr-aligned-smoke4/graph (market_big)
 look edge_dst[nedges-1] : 4095 look edge_dst[nedges-2] : 4095 nedges-1: 3586 nedges-2: 3585
 edge_[nedges-1] : 4095 look edge_dst[nedges-2] : 4095 nedges-1: 3586 nedges-2: 3585

----- Running Hybrid Graph Engine -----

/home/wangshaoyan/proJect/C-GpuStreamGraph/samples/hybrid_pr/hybrid_pr.cu:163 HOST: error 0.000001
/home/wangshaoyan/proJect/C-GpuStreamGraph/include/framework/framework.cuh:369 HOST: seg_nedges_csr_max = 14348
/home/wangshaoyan/proJect/C-GpuStreamGraph/include/framework/graph_datum.cuh:164 HOST: 内存分配的边数量 0
缓存大小： 0
/home/wangshaoyan/proJect/C-GpuStreamGraph/include/framework/graph_datum.cuh:192 HOST: Allocate node for GraphDatum weighted ? 1
/home/wangshaoyan/proJect/C-GpuStreamGraph/include/framework/framework.cuh:378 HOST: Load graph time: 5.351000 ms (excluded)
/home/wangshaoyan/proJect/C-GpuStreamGraph/include/framework/framework.cuh:438 HOST: InitGraph: 0.099000 ms (excluded)
/home/wangshaoyan/proJect/C-GpuStreamGraph/include/framework/framework.cuh:586 HOST: [PR-CONVERGE] stage=initial rounds=74 stop=converged active=0 limit=100
/home/wangshaoyan/proJect/C-GpuStreamGraph/include/framework/framework.cuh:590 HOST: Iterate all time: 7.752000 ms (excluded)
/home/wangshaoyan/proJect/C-GpuStreamGraph/include/framework/framework.cuh:166 HOST: comp_hotness time: 0.030000 ms (excluded)
/home/wangshaoyan/proJect/C-GpuStreamGraph/include/framework/graph_datum.cuh:259 HOST: sort vtx by hot
/home/wangshaoyan/proJect/C-GpuStreamGraph/include/framework/framework.cuh:182 HOST: extract degree time: 0.031000 ms (excluded)
/home/wangshaoyan/proJect/C-GpuStreamGraph/include/framework/framework.cuh:232 HOST: candidate v time: 0.079000 ms (excluded)
/home/wangshaoyan/proJect/C-GpuStreamGraph/include/framework/framework.cuh:247 HOST: search_rebuild v time: 0.022000 ms (excluded)
/home/wangshaoyan/proJect/C-GpuStreamGraph/include/framework/framework.cuh:278 HOST: 加载缓存数据时间  : 0.070000 ms 
batch number 0
/home/wangshaoyan/proJect/C-GpuStreamGraph/include/framework/framework.cuh:1119 HOST: ====this is 0 batch====
/home/wangshaoyan/proJect/C-GpuStreamGraph/include/framework/framework.cuh:857 HOST: ------MF PUSH------
/home/wangshaoyan/proJect/C-GpuStreamGraph/include/framework/framework.cuh:1154 HOST: 取消时间: 0.157000 ms (excluded)
/home/wangshaoyan/proJect/C-GpuStreamGraph/include/framework/framework.cuh:1069 HOST: del start 0 
/home/wangshaoyan/proJect/C-GpuStreamGraph/include/framework/framework.cuh:1070 HOST: del size 0 
/home/wangshaoyan/proJect/C-GpuStreamGraph/include/framework/framework.cuh:857 HOST: ------MF PUSH------
/home/wangshaoyan/proJect/C-GpuStreamGraph/include/framework/framework.cuh:1279 HOST: ------------PR mf compensate-----------
/home/wangshaoyan/proJect/C-GpuStreamGraph/include/framework/framework.cuh:1311 HOST: [PR-BATCH] batch=0 rounds=1 stop=converged active=0 limit=100
/home/wangshaoyan/proJect/C-GpuStreamGraph/include/framework/framework.cuh:1316 HOST: 迭代时间: 0.131000 ms (excluded)
/home/wangshaoyan/proJect/C-GpuStreamGraph/include/framework/framework.cuh:1317 HOST: round num : 1  (excluded)
/home/wangshaoyan/proJect/C-GpuStreamGraph/include/framework/framework.cuh:166 HOST: comp_hotness time: 0.012000 ms (excluded)
/home/wangshaoyan/proJect/C-GpuStreamGraph/include/framework/graph_datum.cuh:259 HOST: sort vtx by hot
/home/wangshaoyan/proJect/C-GpuStreamGraph/include/framework/framework.cuh:182 HOST: extract degree time: 0.010000 ms (excluded)
/home/wangshaoyan/proJect/C-GpuStreamGraph/include/framework/framework.cuh:232 HOST: candidate v time: 0.029000 ms (excluded)
/home/wangshaoyan/proJect/C-GpuStreamGraph/include/framework/framework.cuh:247 HOST: search_rebuild v time: 0.011000 ms (excluded)
/home/wangshaoyan/proJect/C-GpuStreamGraph/include/framework/framework.cuh:1405 HOST: 缓存逐出时间 0.027000
/home/wangshaoyan/proJect/C-GpuStreamGraph/include/framework/framework.cuh:1381 HOST: 合并缓存时间 cache(compact time): 0.131000 ms (excluded)
/home/wangshaoyan/proJect/C-GpuStreamGraph/include/framework/framework.cuh:278 HOST: 加载缓存数据时间  : 0.028000 ms 
batch number 1
/home/wangshaoyan/proJect/C-GpuStreamGraph/include/framework/framework.cuh:1119 HOST: ====this is 1 batch====
/home/wangshaoyan/proJect/C-GpuStreamGraph/include/framework/framework.cuh:857 HOST: ------MF PUSH------
/home/wangshaoyan/proJect/C-GpuStreamGraph/include/framework/framework.cuh:1154 HOST: 取消时间: 0.099000 ms (excluded)
/home/wangshaoyan/proJect/C-GpuStreamGraph/include/framework/framework.cuh:1069 HOST: del start 0 
/home/wangshaoyan/proJect/C-GpuStreamGraph/include/framework/framework.cuh:1070 HOST: del size 1 
/home/wangshaoyan/proJect/C-GpuStreamGraph/include/framework/framework.cuh:857 HOST: ------MF PUSH------
/home/wangshaoyan/proJect/C-GpuStreamGraph/include/framework/framework.cuh:1279 HOST: ------------PR mf compensate-----------
/home/wangshaoyan/proJect/C-GpuStreamGraph/include/framework/framework.cuh:1311 HOST: [PR-BATCH] batch=1 rounds=3 stop=converged active=0 limit=100
/home/wangshaoyan/proJect/C-GpuStreamGraph/include/framework/framework.cuh:1316 HOST: 迭代时间: 0.132000 ms (excluded)
/home/wangshaoyan/proJect/C-GpuStreamGraph/include/framework/framework.cuh:1317 HOST: round num : 3  (excluded)
/home/wangshaoyan/proJect/C-GpuStreamGraph/include/framework/framework.cuh:166 HOST: comp_hotness time: 0.010000 ms (excluded)
/home/wangshaoyan/proJect/C-GpuStreamGraph/include/framework/graph_datum.cuh:259 HOST: sort vtx by hot
/home/wangshaoyan/proJect/C-GpuStreamGraph/include/framework/framework.cuh:182 HOST: extract degree time: 0.010000 ms (excluded)
/home/wangshaoyan/proJect/C-GpuStreamGraph/include/framework/framework.cuh:232 HOST: candidate v time: 0.019000 ms (excluded)
/home/wangshaoyan/proJect/C-GpuStreamGraph/include/framework/framework.cuh:247 HOST: search_rebuild v time: 0.009000 ms (excluded)
/home/wangshaoyan/proJect/C-GpuStreamGraph/include/framework/framework.cuh:1405 HOST: 缓存逐出时间 0.010000
/home/wangshaoyan/proJect/C-GpuStreamGraph/include/framework/framework.cuh:1381 HOST: 合并缓存时间 cache(compact time): 0.064000 ms (excluded)
/home/wangshaoyan/proJect/C-GpuStreamGraph/include/framework/framework.cuh:278 HOST: 加载缓存数据时间  : 0.026000 ms 
batch number 2
/home/wangshaoyan/proJect/C-GpuStreamGraph/include/framework/framework.cuh:1119 HOST: ====this is 2 batch====
/home/wangshaoyan/proJect/C-GpuStreamGraph/include/framework/framework.cuh:857 HOST: ------MF PUSH------
/home/wangshaoyan/proJect/C-GpuStreamGraph/include/framework/framework.cuh:1154 HOST: 取消时间: 0.098000 ms (excluded)
/home/wangshaoyan/proJect/C-GpuStreamGraph/include/framework/framework.cuh:1069 HOST: del start 1 
/home/wangshaoyan/proJect/C-GpuStreamGraph/include/framework/framework.cuh:1070 HOST: del size 0 
/home/wangshaoyan/proJect/C-GpuStreamGraph/include/framework/framework.cuh:857 HOST: ------MF PUSH------
/home/wangshaoyan/proJect/C-GpuStreamGraph/include/framework/framework.cuh:1279 HOST: ------------PR mf compensate-----------
/home/wangshaoyan/proJect/C-GpuStreamGraph/include/framework/framework.cuh:1311 HOST: [PR-BATCH] batch=2 rounds=79 stop=converged active=0 limit=100
/home/wangshaoyan/proJect/C-GpuStreamGraph/include/framework/framework.cuh:1316 HOST: 迭代时间: 1.874999 ms (excluded)
/home/wangshaoyan/proJect/C-GpuStreamGraph/include/framework/framework.cuh:1317 HOST: round num : 79  (excluded)
/home/wangshaoyan/proJect/C-GpuStreamGraph/include/framework/framework.cuh:166 HOST: comp_hotness time: 0.011000 ms (excluded)
/home/wangshaoyan/proJect/C-GpuStreamGraph/include/framework/graph_datum.cuh:259 HOST: sort vtx by hot
/home/wangshaoyan/proJect/C-GpuStreamGraph/include/framework/framework.cuh:182 HOST: extract degree time: 0.011000 ms (excluded)
/home/wangshaoyan/proJect/C-GpuStreamGraph/include/framework/framework.cuh:232 HOST: candidate v time: 0.022000 ms (excluded)
/home/wangshaoyan/proJect/C-GpuStreamGraph/include/framework/framework.cuh:247 HOST: search_rebuild v time: 0.009000 ms (excluded)
/home/wangshaoyan/proJect/C-GpuStreamGraph/include/framework/framework.cuh:1405 HOST: 缓存逐出时间 0.010000
/home/wangshaoyan/proJect/C-GpuStreamGraph/include/framework/framework.cuh:1381 HOST: 合并缓存时间 cache(compact time): 0.065000 ms (excluded)
/home/wangshaoyan/proJect/C-GpuStreamGraph/include/framework/framework.cuh:278 HOST: 加载缓存数据时间  : 0.026000 ms 
batch number 3
/home/wangshaoyan/proJect/C-GpuStreamGraph/include/framework/framework.cuh:1119 HOST: ====this is 3 batch====
/home/wangshaoyan/proJect/C-GpuStreamGraph/include/framework/framework.cuh:857 HOST: ------MF PUSH------
/home/wangshaoyan/proJect/C-GpuStreamGraph/include/framework/framework.cuh:1154 HOST: 取消时间: 0.091000 ms (excluded)
/home/wangshaoyan/proJect/C-GpuStreamGraph/include/framework/framework.cuh:1069 HOST: del start 1 
/home/wangshaoyan/proJect/C-GpuStreamGraph/include/framework/framework.cuh:1070 HOST: del size 1 
/home/wangshaoyan/proJect/C-GpuStreamGraph/include/framework/framework.cuh:857 HOST: ------MF PUSH------
/home/wangshaoyan/proJect/C-GpuStreamGraph/include/framework/framework.cuh:1279 HOST: ------------PR mf compensate-----------
/home/wangshaoyan/proJect/C-GpuStreamGraph/include/framework/framework.cuh:1311 HOST: [PR-BATCH] batch=3 rounds=1 stop=converged active=0 limit=100
/home/wangshaoyan/proJect/C-GpuStreamGraph/include/framework/framework.cuh:1316 HOST: 迭代时间: 0.088000 ms (excluded)
/home/wangshaoyan/proJect/C-GpuStreamGraph/include/framework/framework.cuh:1317 HOST: round num : 1  (excluded)
/home/wangshaoyan/proJect/C-GpuStreamGraph/include/framework/framework.cuh:166 HOST: comp_hotness time: 0.011000 ms (excluded)
/home/wangshaoyan/proJect/C-GpuStreamGraph/include/framework/graph_datum.cuh:259 HOST: sort vtx by hot
/home/wangshaoyan/proJect/C-GpuStreamGraph/include/framework/framework.cuh:182 HOST: extract degree time: 0.010000 ms (excluded)
/home/wangshaoyan/proJect/C-GpuStreamGraph/include/framework/framework.cuh:232 HOST: candidate v time: 0.025000 ms (excluded)
/home/wangshaoyan/proJect/C-GpuStreamGraph/include/framework/framework.cuh:247 HOST: search_rebuild v time: 0.010000 ms (excluded)
/home/wangshaoyan/proJect/C-GpuStreamGraph/include/framework/framework.cuh:1405 HOST: 缓存逐出时间 0.009000
/home/wangshaoyan/proJect/C-GpuStreamGraph/include/framework/framework.cuh:1381 HOST: 合并缓存时间 cache(compact time): 0.063000 ms (excluded)
/home/wangshaoyan/proJect/C-GpuStreamGraph/include/framework/framework.cuh:278 HOST: 加载缓存数据时间  : 0.025000 ms 
batch number 4
/home/wangshaoyan/proJect/C-GpuStreamGraph/include/framework/framework.cuh:1119 HOST: ====this is 4 batch====
/home/wangshaoyan/proJect/C-GpuStreamGraph/include/framework/framework.cuh:857 HOST: ------MF PUSH------
/home/wangshaoyan/proJect/C-GpuStreamGraph/include/framework/framework.cuh:1154 HOST: 取消时间: 0.091000 ms (excluded)
/home/wangshaoyan/proJect/C-GpuStreamGraph/include/framework/framework.cuh:1069 HOST: del start 2 
/home/wangshaoyan/proJect/C-GpuStreamGraph/include/framework/framework.cuh:1070 HOST: del size 1 
/home/wangshaoyan/proJect/C-GpuStreamGraph/include/framework/framework.cuh:857 HOST: ------MF PUSH------
/home/wangshaoyan/proJect/C-GpuStreamGraph/include/framework/framework.cuh:1279 HOST: ------------PR mf compensate-----------
/home/wangshaoyan/proJect/C-GpuStreamGraph/include/framework/framework.cuh:1311 HOST: [PR-BATCH] batch=4 rounds=1 stop=converged active=0 limit=100
/home/wangshaoyan/proJect/C-GpuStreamGraph/include/framework/framework.cuh:1316 HOST: 迭代时间: 0.087000 ms (excluded)
/home/wangshaoyan/proJect/C-GpuStreamGraph/include/framework/framework.cuh:1317 HOST: round num : 1  (excluded)
/home/wangshaoyan/proJect/C-GpuStreamGraph/include/framework/framework.cuh:166 HOST: comp_hotness time: 0.011000 ms (excluded)
/home/wangshaoyan/proJect/C-GpuStreamGraph/include/framework/graph_datum.cuh:259 HOST: sort vtx by hot
/home/wangshaoyan/proJect/C-GpuStreamGraph/include/framework/framework.cuh:182 HOST: extract degree time: 0.010000 ms (excluded)
/home/wangshaoyan/proJect/C-GpuStreamGraph/include/framework/framework.cuh:232 HOST: candidate v time: 0.017000 ms (excluded)
/home/wangshaoyan/proJect/C-GpuStreamGraph/include/framework/framework.cuh:247 HOST: search_rebuild v time: 0.009000 ms (excluded)
/home/wangshaoyan/proJect/C-GpuStreamGraph/include/framework/framework.cuh:1405 HOST: 缓存逐出时间 0.010000
/home/wangshaoyan/proJect/C-GpuStreamGraph/include/framework/framework.cuh:1381 HOST: 合并缓存时间 cache(compact time): 0.062000 ms (excluded)
/home/wangshaoyan/proJect/C-GpuStreamGraph/include/framework/framework.cuh:278 HOST: 加载缓存数据时间  : 0.024000 ms 
batch number 5
/home/wangshaoyan/proJect/C-GpuStreamGraph/include/framework/framework.cuh:1119 HOST: ====this is 5 batch====
/home/wangshaoyan/proJect/C-GpuStreamGraph/include/framework/framework.cuh:857 HOST: ------MF PUSH------
/home/wangshaoyan/proJect/C-GpuStreamGraph/include/framework/framework.cuh:1154 HOST: 取消时间: 0.090000 ms (excluded)
/home/wangshaoyan/proJect/C-GpuStreamGraph/include/framework/framework.cuh:1069 HOST: del start 3 
/home/wangshaoyan/proJect/C-GpuStreamGraph/include/framework/framework.cuh:1070 HOST: del size 2 
/home/wangshaoyan/proJect/C-GpuStreamGraph/include/framework/framework.cuh:857 HOST: ------MF PUSH------
/home/wangshaoyan/proJect/C-GpuStreamGraph/include/framework/framework.cuh:1279 HOST: ------------PR mf compensate-----------
/home/wangshaoyan/proJect/C-GpuStreamGraph/include/framework/framework.cuh:1311 HOST: [PR-BATCH] batch=5 rounds=2 stop=converged active=0 limit=100
/home/wangshaoyan/proJect/C-GpuStreamGraph/include/framework/framework.cuh:1316 HOST: 迭代时间: 0.109000 ms (excluded)
/home/wangshaoyan/proJect/C-GpuStreamGraph/include/framework/framework.cuh:1317 HOST: round num : 2  (excluded)
/home/wangshaoyan/proJect/C-GpuStreamGraph/include/framework/framework.cuh:166 HOST: comp_hotness time: 0.011000 ms (excluded)
/home/wangshaoyan/proJect/C-GpuStreamGraph/include/framework/graph_datum.cuh:259 HOST: sort vtx by hot
/home/wangshaoyan/proJect/C-GpuStreamGraph/include/framework/framework.cuh:182 HOST: extract degree time: 0.009000 ms (excluded)
/home/wangshaoyan/proJect/C-GpuStreamGraph/include/framework/framework.cuh:232 HOST: candidate v time: 0.015000 ms (excluded)
/home/wangshaoyan/proJect/C-GpuStreamGraph/include/framework/framework.cuh:247 HOST: search_rebuild v time: 0.010000 ms (excluded)
/home/wangshaoyan/proJect/C-GpuStreamGraph/include/framework/framework.cuh:1405 HOST: 缓存逐出时间 0.009000
/home/wangshaoyan/proJect/C-GpuStreamGraph/include/framework/framework.cuh:1381 HOST: 合并缓存时间 cache(compact time): 0.063000 ms (excluded)
/home/wangshaoyan/proJect/C-GpuStreamGraph/include/framework/framework.cuh:278 HOST: 加载缓存数据时间  : 0.024000 ms 
batch number 6
/home/wangshaoyan/proJect/C-GpuStreamGraph/include/framework/framework.cuh:1119 HOST: ====this is 6 batch====
/home/wangshaoyan/proJect/C-GpuStreamGraph/include/framework/framework.cuh:857 HOST: ------MF PUSH------
/home/wangshaoyan/proJect/C-GpuStreamGraph/include/framework/framework.cuh:1154 HOST: 取消时间: 0.097000 ms (excluded)
/home/wangshaoyan/proJect/C-GpuStreamGraph/include/framework/framework.cuh:1069 HOST: del start 5 
/home/wangshaoyan/proJect/C-GpuStreamGraph/include/framework/framework.cuh:1070 HOST: del size 593 
/home/wangshaoyan/proJect/C-GpuStreamGraph/include/framework/framework.cuh:857 HOST: ------MF PUSH------
/home/wangshaoyan/proJect/C-GpuStreamGraph/include/framework/framework.cuh:1279 HOST: ------------PR mf compensate-----------
/home/wangshaoyan/proJect/C-GpuStreamGraph/include/framework/framework.cuh:1311 HOST: [PR-BATCH] batch=6 rounds=41 stop=converged active=0 limit=100
/home/wangshaoyan/proJect/C-GpuStreamGraph/include/framework/framework.cuh:1316 HOST: 迭代时间: 2.330000 ms (excluded)
/home/wangshaoyan/proJect/C-GpuStreamGraph/include/framework/framework.cuh:1317 HOST: round num : 41  (excluded)
/home/wangshaoyan/proJect/C-GpuStreamGraph/include/framework/framework.cuh:166 HOST: comp_hotness time: 0.011000 ms (excluded)
/home/wangshaoyan/proJect/C-GpuStreamGraph/include/framework/graph_datum.cuh:259 HOST: sort vtx by hot
/home/wangshaoyan/proJect/C-GpuStreamGraph/include/framework/framework.cuh:182 HOST: extract degree time: 0.010000 ms (excluded)
/home/wangshaoyan/proJect/C-GpuStreamGraph/include/framework/framework.cuh:232 HOST: candidate v time: 0.024000 ms (excluded)
/home/wangshaoyan/proJect/C-GpuStreamGraph/include/framework/framework.cuh:247 HOST: search_rebuild v time: 0.009000 ms (excluded)
/home/wangshaoyan/proJect/C-GpuStreamGraph/include/framework/framework.cuh:1405 HOST: 缓存逐出时间 0.009000
/home/wangshaoyan/proJect/C-GpuStreamGraph/include/framework/framework.cuh:1381 HOST: 合并缓存时间 cache(compact time): 0.063000 ms (excluded)
/home/wangshaoyan/proJect/C-GpuStreamGraph/include/framework/framework.cuh:278 HOST: 加载缓存数据时间  : 0.027000 ms 
batch number 7
/home/wangshaoyan/proJect/C-GpuStreamGraph/include/framework/framework.cuh:1119 HOST: ====this is 7 batch====
/home/wangshaoyan/proJect/C-GpuStreamGraph/include/framework/framework.cuh:857 HOST: ------MF PUSH------
/home/wangshaoyan/proJect/C-GpuStreamGraph/include/framework/framework.cuh:1154 HOST: 取消时间: 0.090000 ms (excluded)
/home/wangshaoyan/proJect/C-GpuStreamGraph/include/framework/framework.cuh:1069 HOST: del start 598 
/home/wangshaoyan/proJect/C-GpuStreamGraph/include/framework/framework.cuh:1070 HOST: del size 2 
/home/wangshaoyan/proJect/C-GpuStreamGraph/include/framework/framework.cuh:857 HOST: ------MF PUSH------
/home/wangshaoyan/proJect/C-GpuStreamGraph/include/framework/framework.cuh:1279 HOST: ------------PR mf compensate-----------
/home/wangshaoyan/proJect/C-GpuStreamGraph/include/framework/framework.cuh:1311 HOST: [PR-BATCH] batch=7 rounds=39 stop=converged active=0 limit=100
/home/wangshaoyan/proJect/C-GpuStreamGraph/include/framework/framework.cuh:1316 HOST: 迭代时间: 1.325000 ms (excluded)
/home/wangshaoyan/proJect/C-GpuStreamGraph/include/framework/framework.cuh:1317 HOST: round num : 39  (excluded)
/home/wangshaoyan/proJect/C-GpuStreamGraph/include/framework/framework.cuh:166 HOST: comp_hotness time: 0.011000 ms (excluded)
/home/wangshaoyan/proJect/C-GpuStreamGraph/include/framework/graph_datum.cuh:259 HOST: sort vtx by hot
/home/wangshaoyan/proJect/C-GpuStreamGraph/include/framework/framework.cuh:182 HOST: extract degree time: 0.010000 ms (excluded)
/home/wangshaoyan/proJect/C-GpuStreamGraph/include/framework/framework.cuh:232 HOST: candidate v time: 0.018000 ms (excluded)
/home/wangshaoyan/proJect/C-GpuStreamGraph/include/framework/framework.cuh:247 HOST: search_rebuild v time: 0.009000 ms (excluded)
/home/wangshaoyan/proJect/C-GpuStreamGraph/include/framework/framework.cuh:1405 HOST: 缓存逐出时间 0.009000
/home/wangshaoyan/proJect/C-GpuStreamGraph/include/framework/framework.cuh:1381 HOST: 合并缓存时间 cache(compact time): 0.062000 ms (excluded)
/home/wangshaoyan/proJect/C-GpuStreamGraph/include/framework/framework.cuh:278 HOST: 加载缓存数据时间  : 0.025000 ms 
batch number 8
/home/wangshaoyan/proJect/C-GpuStreamGraph/include/framework/framework.cuh:1119 HOST: ====this is 8 batch====
/home/wangshaoyan/proJect/C-GpuStreamGraph/include/framework/framework.cuh:857 HOST: ------MF PUSH------
/home/wangshaoyan/proJect/C-GpuStreamGraph/include/framework/framework.cuh:1154 HOST: 取消时间: 0.089000 ms (excluded)
/home/wangshaoyan/proJect/C-GpuStreamGraph/include/framework/framework.cuh:1069 HOST: del start 600 
/home/wangshaoyan/proJect/C-GpuStreamGraph/include/framework/framework.cuh:1070 HOST: del size 0 
/home/wangshaoyan/proJect/C-GpuStreamGraph/include/framework/framework.cuh:857 HOST: ------MF PUSH------
/home/wangshaoyan/proJect/C-GpuStreamGraph/include/framework/framework.cuh:1279 HOST: ------------PR mf compensate-----------
/home/wangshaoyan/proJect/C-GpuStreamGraph/include/framework/framework.cuh:1311 HOST: [PR-BATCH] batch=8 rounds=78 stop=converged active=0 limit=100
/home/wangshaoyan/proJect/C-GpuStreamGraph/include/framework/framework.cuh:1316 HOST: 迭代时间: 1.960000 ms (excluded)
/home/wangshaoyan/proJect/C-GpuStreamGraph/include/framework/framework.cuh:1317 HOST: round num : 78  (excluded)
/home/wangshaoyan/proJect/C-GpuStreamGraph/include/framework/framework.cuh:166 HOST: comp_hotness time: 0.009000 ms (excluded)
/home/wangshaoyan/proJect/C-GpuStreamGraph/include/framework/graph_datum.cuh:259 HOST: sort vtx by hot
/home/wangshaoyan/proJect/C-GpuStreamGraph/include/framework/framework.cuh:182 HOST: extract degree time: 0.009000 ms (excluded)
/home/wangshaoyan/proJect/C-GpuStreamGraph/include/framework/framework.cuh:232 HOST: candidate v time: 0.011000 ms (excluded)
/home/wangshaoyan/proJect/C-GpuStreamGraph/include/framework/framework.cuh:247 HOST: search_rebuild v time: 0.008000 ms (excluded)
/home/wangshaoyan/proJect/C-GpuStreamGraph/include/framework/framework.cuh:1405 HOST: 缓存逐出时间 0.008000
/home/wangshaoyan/proJect/C-GpuStreamGraph/include/framework/framework.cuh:1381 HOST: 合并缓存时间 cache(compact time): 0.052000 ms (excluded)
/home/wangshaoyan/proJect/C-GpuStreamGraph/include/framework/framework.cuh:278 HOST: 加载缓存数据时间  : 0.020000 ms 
batch number 9
/home/wangshaoyan/proJect/C-GpuStreamGraph/include/framework/framework.cuh:1119 HOST: ====this is 9 batch====
/home/wangshaoyan/proJect/C-GpuStreamGraph/include/framework/framework.cuh:857 HOST: ------MF PUSH------
/home/wangshaoyan/proJect/C-GpuStreamGraph/include/framework/framework.cuh:1154 HOST: 取消时间: 0.084000 ms (excluded)
/home/wangshaoyan/proJect/C-GpuStreamGraph/include/framework/framework.cuh:1069 HOST: del start 600 
/home/wangshaoyan/proJect/C-GpuStreamGraph/include/framework/framework.cuh:1070 HOST: del size 2 
/home/wangshaoyan/proJect/C-GpuStreamGraph/include/framework/framework.cuh:857 HOST: ------MF PUSH------
/home/wangshaoyan/proJect/C-GpuStreamGraph/include/framework/framework.cuh:1279 HOST: ------------PR mf compensate-----------
/home/wangshaoyan/proJect/C-GpuStreamGraph/include/framework/framework.cuh:1311 HOST: [PR-BATCH] batch=9 rounds=41 stop=converged active=0 limit=100
/home/wangshaoyan/proJect/C-GpuStreamGraph/include/framework/framework.cuh:1316 HOST: 迭代时间: 2.388000 ms (excluded)
/home/wangshaoyan/proJect/C-GpuStreamGraph/include/framework/framework.cuh:1317 HOST: round num : 41  (excluded)
/home/wangshaoyan/proJect/C-GpuStreamGraph/include/framework/framework.cuh:166 HOST: comp_hotness time: 0.009000 ms (excluded)
/home/wangshaoyan/proJect/C-GpuStreamGraph/include/framework/graph_datum.cuh:259 HOST: sort vtx by hot
/home/wangshaoyan/proJect/C-GpuStreamGraph/include/framework/framework.cuh:182 HOST: extract degree time: 0.009000 ms (excluded)
/home/wangshaoyan/proJect/C-GpuStreamGraph/include/framework/framework.cuh:232 HOST: candidate v time: 0.012000 ms (excluded)
/home/wangshaoyan/proJect/C-GpuStreamGraph/include/framework/framework.cuh:247 HOST: search_rebuild v time: 0.008000 ms (excluded)
/home/wangshaoyan/proJect/C-GpuStreamGraph/include/framework/framework.cuh:1405 HOST: 缓存逐出时间 0.008000
/home/wangshaoyan/proJect/C-GpuStreamGraph/include/framework/framework.cuh:1381 HOST: 合并缓存时间 cache(compact time): 0.091000 ms (excluded)
/home/wangshaoyan/proJect/C-GpuStreamGraph/include/framework/framework.cuh:278 HOST: 加载缓存数据时间  : 0.022000 ms 
v 0 data 0.150000 delta 0.000000
v 1 data 0.213750 delta 0.000000
v 2 data 0.331688 delta 0.000000
v 3 data 2.064886 delta 0.000001
v 4 data 1.027577 delta 0.000001
v 5 data 0.150000 delta 0.000000
v 6 data 0.150000 delta 0.000000
v 7 data 0.150000 delta 0.000000
v 8 data 1.229727 delta 0.000000
v 9 data 1.195267 delta 0.000001
v 10 data 1.787088 delta 0.000001
v 11 data 0.150000 delta 0.000000
v 12 data 0.150000 delta 0.000000
v 13 data 0.150000 delta 0.000000
v 14 data 0.150000 delta 0.000000
v 15 data 0.150000 delta 0.000000
v 16 data 0.150000 delta 0.000000
v 17 data 0.150000 delta 0.000000
v 18 data 0.150000 delta 0.000000
v 19 data 0.150000 delta 0.000000
Warning: Result not checked

Context status:
	Endpoint map (virtual endpoint, physical device):  (-1, -1) (0, 0)
	Event pools (device, events):  (0, 0)
Overall: Test passed
